PepNovo+ Build 20101117
Copyright 2010, The Regents of the University of California. All Rights Reserved.
Created by Ari Frank (arf@cs.ucsd.edu)

Initializing models (this might take a few seconds)... Done.
Fragment tolerance : 0.5000
PM tolernace       : 0.1000
PTMs considered    : C+57

>> 0 835 7: Scan 835 (rt=12.4589) [NQIGDKEK] (SQS 0.5913)
#Index	RnkScr	PnvScr	N-Gap	C-Gap	[M+H]	Charge	Sequence
0	8.152	84.501	0.000	0.000	931.576	2	NKLGDKEK
1	7.688	84.920	0.000	0.000	931.576	2	NQLGDKEK
2	7.663	88.536	0.000	0.000	931.576	2	NKLGDQEK
3	7.376	66.492	0.000	0.000	931.576	2	LELGDQEQ
4	7.330	70.052	0.000	0.000	931.576	2	NKLYHEK
5	7.308	90.109	0.000	0.000	931.576	2	LELGDQEK
6	7.252	76.970	0.000	0.000	931.576	2	NKLGDGAEK
7	7.237	86.074	0.000	0.000	931.576	2	LELGDKEK
8	7.102	65.338	0.000	0.000	931.576	2	NQLGDQEQ
9	7.018	88.955	0.000	0.000	931.576	2	NQLGDQEK

>> 0 1400 400: Scan 1400 (rt=16.2401) [VLEDSDLKK] (SQS 0.830)
#Index	RnkScr	PnvScr	N-Gap	C-Gap	[M+H]	Charge	Sequence
0	8.053	96.344	0.000	0.000	1046.664	2	VLEDSDLKK
1	7.634	88.687	0.000	0.000	1046.664	2	VLEDAMLKK
2	7.568	94.847	0.000	0.000	1046.664	2	VLEDTTLKK
3	7.312	89.623	0.000	0.000	1046.664	2	VLEDMALKK
4	7.007	87.825	0.000	0.000	1046.664	2	VLEDMAKLK
5	6.995	98.733	0.000	0.000	1046.664	2	VLEDSDKLK
6	6.910	86.498	0.000	0.000	1046.664	2	VLEDAMKLK
7	6.598	96.110	0.000	0.000	1046.664	2	VLEDTTKLK
8	6.474	71.869	0.000	275.271	1046.664	2	VLEDSDL
9	6.304	92.831	0.000	0.000	1046.664	2	VLEDAMQLK

>> 0 2662 1413: Scan 2662 (rt=23.587) [KSDIDEIVLVGGSTR] (SQS 0.861)
#Index	RnkScr	PnvScr	N-Gap	C-Gap	[M+H]	Charge	Sequence
0	3.818	113.706	658.198	0.000	1588.834	3	GLALVGGSTR
1	3.751	110.003	658.198	0.000	1588.834	3	GLALVGGTSR
2	3.274	124.303	0.000	0.000	1588.834	3	TLLLAFGLALVGGSTR
3	2.943	111.907	440.217	0.000	1588.834	3	AFGLALVGGSTR
4	2.923	124.195	0.000	0.000	1588.834	3	LTLLAFGLALVGGSTR
5	2.915	108.120	261.253	0.000	1588.834	3	LHFGLALVGGSTR
6	2.893	108.204	440.217	0.000	1588.834	3	AFGLALVGGTSR
7	2.888	109.741	214.156	0.000	1588.834	3	EPAFGLALVGGSTR
8	2.826	116.462	214.156	0.000	1588.834	3	LLAFGLALVGGSTR
9	2.664	108.201	256.268	0.000	1588.834	3	LAAFGLALVGGTSR

>> 0 2818 1530: Scan 2818 (rt=24.5551) [ELEEIVQPIISK] (SQS 0.926)
#Index	RnkScr	PnvScr	N-Gap	C-Gap	[M+H]	Charge	Sequence
0	2.931	137.804	0.000	234.239	1397.872	2	LEEELVKPLL
1	2.618	137.803	0.000	234.239	1397.872	2	ELEELVKPLL
2	2.167	141.923	0.000	234.239	1397.872	2	LEEELVQPLL
3	1.820	141.923	0.000	234.239	1397.872	2	ELEELVQPLL
4	1.418	167.043	0.000	0.000	1397.872	2	LEEELVQPLLSK
5	1.359	145.566	0.000	0.000	1397.872	2	ELEELARPLLSK
6	1.149	167.042	0.000	0.000	1397.872	2	ELEELVQPLLSK
7	1.071	162.924	0.000	0.000	1397.872	2	LEEELVKPLLSK
8	1.051	162.923	0.000	0.000	1397.872	2	ELEELVKPLLSK
9	0.948	159.179	242.195	0.000	1397.872	2	EELVQPLLSK

#Processed spectra 4/4
